current directory: /Users/flephs/academic_blog/fleph.github.io/vendor/bundle/ruby/3.1.0/gems/ffi-1.15.1/ext/ffi_c
/Users/flephs/.rubies/ruby-3.1.3/bin/ruby -I /Users/flephs/.rubies/ruby-3.1.3/lib/ruby/3.1.0 extconf.rb
checking for ffi_prep_closure_loc() in -lffi... yes
checking for ffi_prep_cif_var()... yes
checking for ffi_raw_call()... yes
checking for ffi_prep_raw_closure()... yes
checking for whether -pthread is accepted as LDFLAGS... yes
creating extconf.h
creating Makefile

current directory: /Users/flephs/academic_blog/fleph.github.io/vendor/bundle/ruby/3.1.0/gems/ffi-1.15.1/ext/ffi_c
make DESTDIR\= sitearchdir\=./.gem.20251009-99619-r9h4jd sitelibdir\=./.gem.20251009-99619-r9h4jd clean

current directory: /Users/flephs/academic_blog/fleph.github.io/vendor/bundle/ruby/3.1.0/gems/ffi-1.15.1/ext/ffi_c
make DESTDIR\= sitearchdir\=./.gem.20251009-99619-r9h4jd sitelibdir\=./.gem.20251009-99619-r9h4jd
compiling AbstractMemory.c
compiling ArrayType.c
compiling Buffer.c
compiling Call.c
compiling ClosurePool.c
compiling DynamicLibrary.c
compiling Function.c
compiling FunctionInfo.c
compiling LastError.c
compiling LongDouble.c
compiling MappedType.c
compiling MemoryPointer.c
compiling MethodHandle.c
compiling Platform.c
compiling Pointer.c
compiling Struct.c
compiling StructByValue.c
compiling StructLayout.c
compiling Thread.c
compiling Type.c
compiling Types.c
compiling Variadic.c
compiling ffi.c
linking shared-object ffi_c.bundle
ld: warning: -multiply_defined is obsolete
ld: warning: ignoring duplicate libraries: '-lffi'

current directory: /Users/flephs/academic_blog/fleph.github.io/vendor/bundle/ruby/3.1.0/gems/ffi-1.15.1/ext/ffi_c
make DESTDIR\= sitearchdir\=./.gem.20251009-99619-r9h4jd sitelibdir\=./.gem.20251009-99619-r9h4jd install
/usr/bin/install -c -m 0755 ffi_c.bundle ./.gem.20251009-99619-r9h4jd
